../Core/Src/main.c:78:5:main	40	static
../Core/Src/main.c:139:13:MPU6500_WriteReg	32	static
../Core/Src/main.c:145:13:MPU6500_ReadRegs	32	static
../Core/Src/main.c:151:16:MPU6500_Init	16	static
../Core/Src/main.c:178:13:MPU6500_ReadGyroRaw	48	static
../Core/Src/main.c:195:13:MPU6500_ReadGyro	32	static
../Core/Src/main.c:214:13:MPU6500_Calibrate	48	static
../Core/Src/main.c:234:13:MPU6500_ReadAccelAngles	80	static
../Core/Src/main.c:259:13:UpdateAngles_Complementary	48	static
../Core/Src/main.c:300:13:lcd_send	32	static
../Core/Src/main.c:316:13:lcd_send_cmd	16	static
../Core/Src/main.c:321:13:lcd_send_data	16	static
../Core/Src/main.c:326:13:lcd_clear	8	static
../Core/Src/main.c:332:13:lcd_set_cursor	24	static
../Core/Src/main.c:339:13:lcd_send_string	16	static
../Core/Src/main.c:347:13:lcd_init	8	static
../Core/Src/main.c:359:13:lcd_display_angles	88	static
../Core/Src/main.c:391:6:SystemClock_Config	88	static
../Core/Src/main.c:423:13:MX_I2C1_Init	8	static
../Core/Src/main.c:440:13:MX_GPIO_Init	16	static
../Core/Src/main.c:445:6:Error_Handler	4	static,ignoring_inline_asm
